// Jest Snapshot v1, https://goo.gl/fbAQLP

exports[`AlertMessage component should not render if show is false 1`] = `
ShallowWrapper {
  "length": 1,
  Symbol(enzyme.__root__): [Circular],
  Symbol(enzyme.__unrendered__): <View
    style={
      Array [
        Object {
          "justifyContent": "center",
          "marginVertical": 25,
        },
        undefined,
      ]
    }
  >
    <View
      style={
        Object {
          "alignItems": "center",
          "alignSelf": "center",
        }
      }
    >
      <Text
        accessible={true}
        allowFontScaling={false}
        ellipsizeMode="tail"
        style={
          Object {
            "color": "#CCCCCC",
            "fontFamily": "Avenir-Book",
            "fontSize": 17,
            "fontWeight": "bold",
            "marginHorizontal": 10,
            "marginTop": 10,
            "textAlign": "center",
          }
        }
      >
        HOWDY
      </Text>
    </View>
  </View>,
  Symbol(enzyme.__renderer__): Object {
    "batchedUpdates": [Function],
    "getNode": [Function],
    "render": [Function],
    "simulateEvent": [Function],
    "unmount": [Function],
  },
  Symbol(enzyme.__node__): Object {
    "instance": null,
    "key": undefined,
    "nodeType": "host",
    "props": Object {
      "children": <View
        style={
          Object {
            "alignItems": "center",
            "alignSelf": "center",
          }
        }
      >
        <Text
          accessible={true}
          allowFontScaling={false}
          ellipsizeMode="tail"
          style={
            Object {
              "color": "#CCCCCC",
              "fontFamily": "Avenir-Book",
              "fontSize": 17,
              "fontWeight": "bold",
              "marginHorizontal": 10,
              "marginTop": 10,
              "textAlign": "center",
            }
          }
        >
          HOWDY
        </Text>
      </View>,
      "style": Array [
        Object {
          "justifyContent": "center",
          "marginVertical": 25,
        },
        undefined,
      ],
    },
    "ref": null,
    "rendered": Object {
      "instance": null,
      "key": undefined,
      "nodeType": "class",
      "props": Object {
        "children": <Text
          accessible={true}
          allowFontScaling={false}
          ellipsizeMode="tail"
          style={
            Object {
              "color": "#CCCCCC",
              "fontFamily": "Avenir-Book",
              "fontSize": 17,
              "fontWeight": "bold",
              "marginHorizontal": 10,
              "marginTop": 10,
              "textAlign": "center",
            }
          }
        >
          HOWDY
        </Text>,
        "style": Object {
          "alignItems": "center",
          "alignSelf": "center",
        },
      },
      "ref": null,
      "rendered": Object {
        "instance": null,
        "key": undefined,
        "nodeType": "class",
        "props": Object {
          "accessible": true,
          "allowFontScaling": false,
          "children": "HOWDY",
          "ellipsizeMode": "tail",
          "style": Object {
            "color": "#CCCCCC",
            "fontFamily": "Avenir-Book",
            "fontSize": 17,
            "fontWeight": "bold",
            "marginHorizontal": 10,
            "marginTop": 10,
            "textAlign": "center",
          },
        },
        "ref": null,
        "rendered": "HOWDY",
        "type": [Function],
      },
      "type": [Function],
    },
    "type": "View",
  },
  Symbol(enzyme.__nodes__): Array [
    Object {
      "instance": null,
      "key": undefined,
      "nodeType": "host",
      "props": Object {
        "children": <View
          style={
            Object {
              "alignItems": "center",
              "alignSelf": "center",
            }
          }
        >
          <Text
            accessible={true}
            allowFontScaling={false}
            ellipsizeMode="tail"
            style={
              Object {
                "color": "#CCCCCC",
                "fontFamily": "Avenir-Book",
                "fontSize": 17,
                "fontWeight": "bold",
                "marginHorizontal": 10,
                "marginTop": 10,
                "textAlign": "center",
              }
            }
          >
            HOWDY
          </Text>
        </View>,
        "style": Array [
          Object {
            "justifyContent": "center",
            "marginVertical": 25,
          },
          undefined,
        ],
      },
      "ref": null,
      "rendered": Object {
        "instance": null,
        "key": undefined,
        "nodeType": "class",
        "props": Object {
          "children": <Text
            accessible={true}
            allowFontScaling={false}
            ellipsizeMode="tail"
            style={
              Object {
                "color": "#CCCCCC",
                "fontFamily": "Avenir-Book",
                "fontSize": 17,
                "fontWeight": "bold",
                "marginHorizontal": 10,
                "marginTop": 10,
                "textAlign": "center",
              }
            }
          >
            HOWDY
          </Text>,
          "style": Object {
            "alignItems": "center",
            "alignSelf": "center",
          },
        },
        "ref": null,
        "rendered": Object {
          "instance": null,
          "key": undefined,
          "nodeType": "class",
          "props": Object {
            "accessible": true,
            "allowFontScaling": false,
            "children": "HOWDY",
            "ellipsizeMode": "tail",
            "style": Object {
              "color": "#CCCCCC",
              "fontFamily": "Avenir-Book",
              "fontSize": 17,
              "fontWeight": "bold",
              "marginHorizontal": 10,
              "marginTop": 10,
              "textAlign": "center",
            },
          },
          "ref": null,
          "rendered": "HOWDY",
          "type": [Function],
        },
        "type": [Function],
      },
      "type": "View",
    },
  ],
  Symbol(enzyme.__options__): Object {
    "adapter": ReactSixteenAdapter {
      "options": Object {
        "enableComponentDidUpdateOnSetState": true,
      },
    },
  },
}
`;

exports[`AlertMessage component should render correctly if show is true 1`] = `
ShallowWrapper {
  "length": 1,
  Symbol(enzyme.__root__): [Circular],
  Symbol(enzyme.__unrendered__): <View
    style={
      Array [
        Object {
          "justifyContent": "center",
          "marginVertical": 25,
        },
        undefined,
      ]
    }
  >
    <View
      style={
        Object {
          "alignItems": "center",
          "alignSelf": "center",
        }
      }
    >
      <Text
        accessible={true}
        allowFontScaling={false}
        ellipsizeMode="tail"
        style={
          Object {
            "color": "#CCCCCC",
            "fontFamily": "Avenir-Book",
            "fontSize": 17,
            "fontWeight": "bold",
            "marginHorizontal": 10,
            "marginTop": 10,
            "textAlign": "center",
          }
        }
      >
        HOWDY
      </Text>
    </View>
  </View>,
  Symbol(enzyme.__renderer__): Object {
    "batchedUpdates": [Function],
    "getNode": [Function],
    "render": [Function],
    "simulateEvent": [Function],
    "unmount": [Function],
  },
  Symbol(enzyme.__node__): Object {
    "instance": null,
    "key": undefined,
    "nodeType": "host",
    "props": Object {
      "children": <View
        style={
          Object {
            "alignItems": "center",
            "alignSelf": "center",
          }
        }
      >
        <Text
          accessible={true}
          allowFontScaling={false}
          ellipsizeMode="tail"
          style={
            Object {
              "color": "#CCCCCC",
              "fontFamily": "Avenir-Book",
              "fontSize": 17,
              "fontWeight": "bold",
              "marginHorizontal": 10,
              "marginTop": 10,
              "textAlign": "center",
            }
          }
        >
          HOWDY
        </Text>
      </View>,
      "style": Array [
        Object {
          "justifyContent": "center",
          "marginVertical": 25,
        },
        undefined,
      ],
    },
    "ref": null,
    "rendered": Object {
      "instance": null,
      "key": undefined,
      "nodeType": "class",
      "props": Object {
        "children": <Text
          accessible={true}
          allowFontScaling={false}
          ellipsizeMode="tail"
          style={
            Object {
              "color": "#CCCCCC",
              "fontFamily": "Avenir-Book",
              "fontSize": 17,
              "fontWeight": "bold",
              "marginHorizontal": 10,
              "marginTop": 10,
              "textAlign": "center",
            }
          }
        >
          HOWDY
        </Text>,
        "style": Object {
          "alignItems": "center",
          "alignSelf": "center",
        },
      },
      "ref": null,
      "rendered": Object {
        "instance": null,
        "key": undefined,
        "nodeType": "class",
        "props": Object {
          "accessible": true,
          "allowFontScaling": false,
          "children": "HOWDY",
          "ellipsizeMode": "tail",
          "style": Object {
            "color": "#CCCCCC",
            "fontFamily": "Avenir-Book",
            "fontSize": 17,
            "fontWeight": "bold",
            "marginHorizontal": 10,
            "marginTop": 10,
            "textAlign": "center",
          },
        },
        "ref": null,
        "rendered": "HOWDY",
        "type": [Function],
      },
      "type": [Function],
    },
    "type": "View",
  },
  Symbol(enzyme.__nodes__): Array [
    Object {
      "instance": null,
      "key": undefined,
      "nodeType": "host",
      "props": Object {
        "children": <View
          style={
            Object {
              "alignItems": "center",
              "alignSelf": "center",
            }
          }
        >
          <Text
            accessible={true}
            allowFontScaling={false}
            ellipsizeMode="tail"
            style={
              Object {
                "color": "#CCCCCC",
                "fontFamily": "Avenir-Book",
                "fontSize": 17,
                "fontWeight": "bold",
                "marginHorizontal": 10,
                "marginTop": 10,
                "textAlign": "center",
              }
            }
          >
            HOWDY
          </Text>
        </View>,
        "style": Array [
          Object {
            "justifyContent": "center",
            "marginVertical": 25,
          },
          undefined,
        ],
      },
      "ref": null,
      "rendered": Object {
        "instance": null,
        "key": undefined,
        "nodeType": "class",
        "props": Object {
          "children": <Text
            accessible={true}
            allowFontScaling={false}
            ellipsizeMode="tail"
            style={
              Object {
                "color": "#CCCCCC",
                "fontFamily": "Avenir-Book",
                "fontSize": 17,
                "fontWeight": "bold",
                "marginHorizontal": 10,
                "marginTop": 10,
                "textAlign": "center",
              }
            }
          >
            HOWDY
          </Text>,
          "style": Object {
            "alignItems": "center",
            "alignSelf": "center",
          },
        },
        "ref": null,
        "rendered": Object {
          "instance": null,
          "key": undefined,
          "nodeType": "class",
          "props": Object {
            "accessible": true,
            "allowFontScaling": false,
            "children": "HOWDY",
            "ellipsizeMode": "tail",
            "style": Object {
              "color": "#CCCCCC",
              "fontFamily": "Avenir-Book",
              "fontSize": 17,
              "fontWeight": "bold",
              "marginHorizontal": 10,
              "marginTop": 10,
              "textAlign": "center",
            },
          },
          "ref": null,
          "rendered": "HOWDY",
          "type": [Function],
        },
        "type": [Function],
      },
      "type": "View",
    },
  ],
  Symbol(enzyme.__options__): Object {
    "adapter": ReactSixteenAdapter {
      "options": Object {
        "enableComponentDidUpdateOnSetState": true,
      },
    },
  },
}
`;
